---
source: gridseak-cli/src/render/findings.rs
expression: "String::from_utf8(buf).unwrap()"
---
# Findings — demo

_1 of 1 findings._

| ID | Severity | Type | Target | Evidence |
|----|----------|------|--------|----------|
| `f1` | Critical | Blast radius hotspot | `auth/login` | 41 downstream nodes |
